// Jest Snapshot v1, https://goo.gl/fbAQLP

exports[`renders App page with redux 1`] = `
<DocumentFragment>
  <div
    data-testid="mainApp"
  >
    <div>
      <div
        class="d-flex flex-column w-100 h-100 text-center align-items-center justify-content-center"
      >
        <br />
        <br />
        <h1>
          Loading...
        </h1>
        <div
          class="spinner-border"
          role="status"
        >
          <span
            class="visually-hidden"
          >
            Loading...
          </span>
        </div>
      </div>
    </div>
  </div>
</DocumentFragment>
`;
